[    0.000000] Initializing cgroup subsys cpuset
[    0.000000] Initializing cgroup subsys cpu
[    0.000000] Initializing cgroup subsys cpuacct
[    0.000000] Linux version 4.4.0-210-generic (buildd@lgw01-amd64-009) (gcc version 5.4.0 20160609 (Ubuntu 5.4.0-6ubuntu1~16.04.12) ) #242-Ubuntu SMP Fri Apr 16 09:57:56 UTC 2021 (Ubuntu 4.4.0-210.242-generic 4.4.262)
[    0.000000] Command line: BOOT_IMAGE=/boot/vmlinuz-4.4.0-210-generic root=LABEL=cloudimg-rootfs ro console=tty1 console=ttyS0
[    0.000000] KERNEL supported cpus:
[    0.000000]   Intel GenuineIntel
[    0.000000]   AMD AuthenticAMD
[    0.000000]   Centaur CentaurHauls
[    0.000000] x86/fpu: Legacy x87 FPU detected.
[    0.000000] e820: BIOS-provided physical RAM map:
[    0.000000] BIOS-e820: [mem 0x0000000000000000-0x000000000009fbff] usable
[    0.000000] BIOS-e820: [mem 0x000000000009fc00-0x000000000009ffff] reserved
[    0.000000] BIOS-e820: [mem 0x00000000000f0000-0x00000000000fffff] reserved
[    0.000000] BIOS-e820: [mem 0x0000000000100000-0x000000007e7effff] usable
[    0.000000] BIOS-e820: [mem 0x000000007e7f0000-0x000000007e7fffff] ACPI data
[    0.000000] BIOS-e820: [mem 0x00000000fec00000-0x00000000fec00fff] reserved
[    0.000000] BIOS-e820: [mem 0x00000000fee00000-0x00000000fee00fff] reserved
[    0.000000] BIOS-e820: [mem 0x00000000fffc0000-0x00000000ffffffff] reserved
[    0.000000] NX (Execute Disable) protection: active
[    0.000000] SMBIOS 2.5 present.
[    0.000000] Hypervisor detected: KVM
[    0.000000] e820: last_pfn = 0x7e7f0 max_arch_pfn = 0x400000000
[    0.000000] MTRR: Disabled
[    0.000000] x86/PAT: MTRRs disabled, skipping PAT initialization too.
[    0.000000] CPU MTRRs all blank - virtualized system.
[    0.000000] x86/PAT: Configuration [0-7]: WB  WT  UC- UC  WB  WT  UC- UC  
[    0.000000] found SMP MP-table at [mem 0x0009fff0-0x0009ffff] mapped at [ffff88000009fff0]
[    0.000000] Scanning 1 areas for low memory corruption
[    0.000000] RAMDISK: [mem 0x362dc000-0x37165fff]
[    0.000000] ACPI: Early table checksum verification disabled
[    0.000000] ACPI: RSDP 0x00000000000E0000 000024 (v02 VBOX  )
[    0.000000] ACPI: XSDT 0x000000007E7F0030 00003C (v01 VBOX   VBOXXSDT 00000001 ASL  00000061)
[    0.000000] ACPI: FACP 0x000000007E7F00F0 0000F4 (v04 VBOX   VBOXFACP 00000001 ASL  00000061)
[    0.000000] ACPI: DSDT 0x000000007E7F0470 002325 (v02 VBOX   VBOXBIOS 00000002 INTL 20100528)
[    0.000000] ACPI: FACS 0x000000007E7F0200 000040
[    0.000000] ACPI: FACS 0x000000007E7F0200 000040
[    0.000000] ACPI: APIC 0x000000007E7F0240 00005C (v02 VBOX   VBOXAPIC 00000001 ASL  00000061)
[    0.000000] ACPI: SSDT 0x000000007E7F02A0 0001CC (v01 VBOX   VBOXCPUT 00000002 INTL 20100528)
[    0.000000] No NUMA configuration found
[    0.000000] Faking a node at [mem 0x0000000000000000-0x000000007e7effff]
[    0.000000] NODE_DATA(0) allocated [mem 0x7e7eb000-0x7e7effff]
[    0.000000] kvm-clock: Using msrs 4b564d01 and 4b564d00
[    0.000000] kvm-clock: cpu 0, msr 0:7e7e3001, primary cpu clock
[    0.000000] kvm-clock: using sched offset of 4272186043 cycles
[    0.000000] clocksource: kvm-clock: mask: 0xffffffffffffffff max_cycles: 0x1cd42e4dffb, max_idle_ns: 881590591483 ns
[    0.000000] Zone ranges:
[    0.000000]   DMA      [mem 0x0000000000001000-0x0000000000ffffff]
[    0.000000]   DMA32    [mem 0x0000000001000000-0x000000007e7effff]
[    0.000000]   Normal   empty
[    0.000000]   Device   empty
[    0.000000] Movable zone start for each node
[    0.000000] Early memory node ranges
[    0.000000]   node   0: [mem 0x0000000000001000-0x000000000009efff]
[    0.000000]   node   0: [mem 0x0000000000100000-0x000000007e7effff]
[    0.000000] Initmem setup node 0 [mem 0x0000000000001000-0x000000007e7effff]
[    0.000000] ACPI: PM-Timer IO Port: 0x4008
[    0.000000] IOAPIC[0]: apic_id 2, version 32, address 0xfec00000, GSI 0-23
[    0.000000] ACPI: INT_SRC_OVR (bus 0 bus_irq 0 global_irq 2 dfl dfl)
[    0.000000] ACPI: INT_SRC_OVR (bus 0 bus_irq 9 global_irq 9 low level)
[    0.000000] Using ACPI (MADT) for SMP configuration information
[    0.000000] smpboot: Allowing 2 CPUs, 0 hotplug CPUs
[    0.000000] PM: Registered nosave memory: [mem 0x00000000-0x00000fff]
[    0.000000] PM: Registered nosave memory: [mem 0x0009f000-0x0009ffff]
[    0.000000] PM: Registered nosave memory: [mem 0x000a0000-0x000effff]
[    0.000000] PM: Registered nosave memory: [mem 0x000f0000-0x000fffff]
[    0.000000] e820: [mem 0x7e800000-0xfebfffff] available for PCI devices
[    0.000000] Booting paravirtualized kernel on KVM
[    0.000000] clocksource: refined-jiffies: mask: 0xffffffff max_cycles: 0xffffffff, max_idle_ns: 7645519600211568 ns
[    0.000000] setup_percpu: NR_CPUS:512 nr_cpumask_bits:512 nr_cpu_ids:2 nr_node_ids:1
[    0.000000] PERCPU: Embedded 33 pages/cpu @ffff88007e400000 s95192 r8192 d31784 u1048576
[    0.000000] Built 1 zonelists in Node order, mobility grouping on.  Total pages: 509912
[    0.000000] Policy zone: DMA32
[    0.000000] Kernel command line: BOOT_IMAGE=/boot/vmlinuz-4.4.0-210-generic root=LABEL=cloudimg-rootfs ro console=tty1 console=ttyS0
[    0.000000] PID hash table entries: 4096 (order: 3, 32768 bytes)
[    0.000000] Memory: 2005408K/2072120K available (8644K kernel code, 1332K rwdata, 4044K rodata, 1492K init, 1164K bss, 66712K reserved, 0K cma-reserved)
[    0.000000] SLUB: HWalign=64, Order=0-3, MinObjects=0, CPUs=2, Nodes=1
[    0.000000] Kernel/User page tables isolation: enabled
[    0.000000] Hierarchical RCU implementation.
[    0.000000] 	Build-time adjustment of leaf fanout to 64.
[    0.000000] 	RCU restricting CPUs from NR_CPUS=512 to nr_cpu_ids=2.
[    0.000000] RCU: Adjusting geometry for rcu_fanout_leaf=64, nr_cpu_ids=2
[    0.000000] NR_IRQS:33024 nr_irqs:440 16
[    0.000000] Console: colour VGA+ 80x25
[    0.000000] console [tty1] enabled
[    0.000000] console [ttyS0] enabled
[    0.000000] tsc: Detected 2494.228 MHz processor
[    0.903338] Calibrating delay loop (skipped) preset value.. 4988.45 BogoMIPS (lpj=9976912)
[    0.914794] pid_max: default: 32768 minimum: 301
[    0.920852] ACPI: Core revision 20150930
[    0.927706] ACPI: 2 ACPI AML tables successfully acquired and loaded
[    0.937717] Security Framework initialized
[    0.944355] Yama: becoming mindful.
[    0.950578] AppArmor: AppArmor initialized
[    0.959767] Dentry cache hash table entries: 262144 (order: 9, 2097152 bytes)
[    0.985380] Inode-cache hash table entries: 131072 (order: 8, 1048576 bytes)
[    1.004133] Mount-cache hash table entries: 4096 (order: 3, 32768 bytes)
[    1.016737] Mountpoint-cache hash table entries: 4096 (order: 3, 32768 bytes)
[    1.029564] Initializing cgroup subsys io
[    1.035566] Initializing cgroup subsys memory
[    1.043444] Initializing cgroup subsys devices
[    1.051245] Initializing cgroup subsys freezer
[    1.059069] Initializing cgroup subsys net_cls
[    1.067485] Initializing cgroup subsys perf_event
[    1.076683] Initializing cgroup subsys net_prio
[    1.083480] Initializing cgroup subsys hugetlb
[    1.092583] Initializing cgroup subsys pids
[    1.099789] mce: CPU supports 0 MCE banks
[    1.108478] Last level iTLB entries: 4KB 1024, 2MB 1024, 4MB 1024
[    1.117714] Last level dTLB entries: 4KB 1024, 2MB 1024, 4MB 1024, 1GB 4
[    1.129323] Spectre V1 : Mitigation: usercopy/swapgs barriers and __user pointer sanitization
[    1.142725] Spectre V2 : Mitigation: Full generic retpoline
[    1.152952] Spectre V2 : Spectre v2 / SpectreRSB mitigation: Filling RSB on context switch
[    1.166142] Speculative Store Bypass: Vulnerable
[    1.174987] MDS: Mitigation: Clear CPU buffers
[    1.240393] Freeing SMP alternatives memory: 36K
[    1.370655] ftrace: allocating 32380 entries in 127 pages
[    2.235758] smpboot: APIC(0) Converting physical 0 to logical package 0
[    2.249189] smpboot: Max logical packages: 1
[    2.275225] ..TIMER: vector=0x30 apic1=0 pin1=2 apic2=-1 pin2=-1
[    2.392754] smpboot: CPU0: Intel(R) Core(TM) i7-4710HQ CPU @ 2.50GHz (family: 0x6, model: 0x3c, stepping: 0x3)
[    2.409554] Performance Events: unsupported p6 CPU model 60 no PMU driver, software events only.
[    2.553357] KVM setup paravirtual spinlock
[    2.564534] x86: Booting SMP configuration:
[    2.570182] .... node  #0, CPUs:      #1
[    2.577264] kvm-clock: cpu 1, msr 0:7e7e3041, secondary cpu clock
[    2.585485] mce: CPU supports 0 MCE banks
[    2.591721] x86: Booted up 1 node, 2 CPUs
[    2.597158] smpboot: Total of 2 processors activated (9976.91 BogoMIPS)
[    2.610441] devtmpfs: initialized
[    2.617468] evm: security.selinux
[    2.621909] evm: security.SMACK64
[    2.626347] evm: security.SMACK64EXEC
[    2.631261] evm: security.SMACK64TRANSMUTE
[    2.636518] evm: security.SMACK64MMAP
[    2.641303] evm: security.ima
[    2.645336] evm: security.capability
[    2.651205] clocksource: jiffies: mask: 0xffffffff max_cycles: 0xffffffff, max_idle_ns: 7645041785100000 ns
[    2.663239] futex hash table entries: 512 (order: 3, 32768 bytes)
[    2.672243] pinctrl core: initialized pinctrl subsystem
[    2.679596] RTC time: 19:21:32, date: 05/24/22
[    2.686822] NET: Registered protocol family 16
[    2.700729] cpuidle: using governor ladder
[    2.712679] cpuidle: using governor menu
[    2.718130] PCCT header not found.
[    2.722841] ACPI: bus type PCI registered
[    2.728290] acpiphp: ACPI Hot Plug PCI Controller Driver version: 0.5
[    2.737547] PCI: Using configuration type 1 for base access
[    2.755631] ACPI: Added _OSI(Module Device)
[    2.761357] ACPI: Added _OSI(Processor Device)
[    2.767113] ACPI: Added _OSI(3.0 _SCP Extensions)
[    2.773330] ACPI: Added _OSI(Processor Aggregator Device)
[    2.782867] ACPI: Executed 1 blocks of module-level executable AML code
[    2.798136] ACPI: Interpreter enabled
[    2.803218] ACPI: (supports S0 S5)
[    2.807960] ACPI: Using IOAPIC for interrupt routing
[    2.815035] PCI: Using host bridge windows from ACPI; if necessary, use "pci=nocrs" and report a bug
[    2.836898] ACPI: PCI Root Bridge [PCI0] (domain 0000 [bus 00-ff])
[    2.844922] acpi PNP0A03:00: _OSC: OS supports [ASPM ClockPM Segments MSI]
[    2.854734] acpi PNP0A03:00: _OSC: not requesting OS control; OS requires [ExtendedConfig ASPM ClockPM MSI]
[    2.867051] acpi PNP0A03:00: fail to add MMCONFIG information, can't access extended PCI configuration space under this bridge.
[    2.882560] PCI host bridge to bus 0000:00
[    2.888053] pci_bus 0000:00: root bus resource [io  0x0000-0x0cf7 window]
[    2.896517] pci_bus 0000:00: root bus resource [io  0x0d00-0xffff window]
[    2.905334] pci_bus 0000:00: root bus resource [mem 0x000a0000-0x000bffff window]
[    2.915068] pci_bus 0000:00: root bus resource [mem 0x7e800000-0xfdffffff window]
[    2.924683] pci_bus 0000:00: root bus resource [bus 00-ff]
[    2.941130] pci 0000:00:01.1: legacy IDE quirk: reg 0x10: [io  0x01f0-0x01f7]
[    2.950163] pci 0000:00:01.1: legacy IDE quirk: reg 0x14: [io  0x03f6]
[    2.958686] pci 0000:00:01.1: legacy IDE quirk: reg 0x18: [io  0x0170-0x0177]
[    2.969003] pci 0000:00:01.1: legacy IDE quirk: reg 0x1c: [io  0x0376]
[    3.006756] pci 0000:00:07.0: quirk: [io  0x4000-0x403f] claimed by PIIX4 ACPI
[    3.016268] pci 0000:00:07.0: quirk: [io  0x4100-0x410f] claimed by PIIX4 SMB
[    3.041013] ACPI: PCI Interrupt Link [LNKA] (IRQs 5 9 10 *11)
[    3.052453] ACPI: PCI Interrupt Link [LNKB] (IRQs 5 9 *10 11)
[    3.063507] ACPI: PCI Interrupt Link [LNKC] (IRQs 5 *9 10 11)
[    3.074262] ACPI: PCI Interrupt Link [LNKD] (IRQs 5 9 10 *11)
[    3.085003] ACPI: Enabled 2 GPEs in block 00 to 07
[    3.120645] vgaarb: setting as boot device: PCI:0000:00:02.0
[    3.128175] vgaarb: device added: PCI:0000:00:02.0,decodes=io+mem,owns=io+mem,locks=none
[    3.138527] vgaarb: loaded
[    3.142490] vgaarb: bridge control possible 0000:00:02.0
[    3.149714] SCSI subsystem initialized
[    3.155833] ACPI: bus type USB registered
[    3.161278] usbcore: registered new interface driver usbfs
[    3.168263] usbcore: registered new interface driver hub
[    3.176330] usbcore: registered new device driver usb
[    3.185095] PCI: Using ACPI for IRQ routing
[    3.191958] NetLabel: Initializing
[    3.196749] NetLabel:  domain hash size = 128
[    3.202306] NetLabel:  protocols = UNLABELED CIPSOv4
[    3.209118] NetLabel:  unlabeled traffic allowed by default
[    3.216826] amd_nb: Cannot enumerate AMD northbridges
[    3.223831] clocksource: Switched to clocksource kvm-clock
[    3.271456] AppArmor: AppArmor Filesystem Enabled
[    3.277925] pnp: PnP ACPI init
[    3.284831] pnp: PnP ACPI: found 3 devices
[    3.348895] clocksource: acpi_pm: mask: 0xffffff max_cycles: 0xffffff, max_idle_ns: 2085701024 ns
[    3.359866] NET: Registered protocol family 2
[    3.366420] TCP established hash table entries: 16384 (order: 5, 131072 bytes)
[    3.376340] TCP bind hash table entries: 16384 (order: 6, 262144 bytes)
[    3.385912] TCP: Hash tables configured (established 16384 bind 16384)
[    3.395015] UDP hash table entries: 1024 (order: 3, 32768 bytes)
[    3.402877] UDP-Lite hash table entries: 1024 (order: 3, 32768 bytes)
[    3.411714] NET: Registered protocol family 1
[    3.417502] pci 0000:00:00.0: Limiting direct PCI/PCI transfers
[    3.425127] pci 0000:00:01.0: Activating ISA DMA hang workarounds
[    3.433686] Unpacking initramfs...
[    3.925379] Freeing initrd memory: 14888K
[    3.932413] RAPL PMU detected, API unit is 2^-32 Joules, 4 fixed counters 10737418240 ms ovfl timer
[    3.944030] hw unit of domain pp0-core 2^-0 Joules
[    3.950518] hw unit of domain package 2^-0 Joules
[    3.956927] hw unit of domain dram 2^-0 Joules
[    3.962705] hw unit of domain pp1-gpu 2^-0 Joules
[    3.968989] clocksource: tsc: mask: 0xffffffffffffffff max_cycles: 0x23f3ed6cc7b, max_idle_ns: 440795302954 ns
[    3.981672] platform rtc_cmos: registered platform RTC device (no PNP device found)
[    3.991848] Scanning for low memory corruption every 60 seconds
[    4.001415] audit: initializing netlink subsys (disabled)
[    4.009109] audit: type=2000 audit(1653420097.716:1): initialized
[    4.017463] Initialise system trusted keyring
[    4.025123] HugeTLB registered 2 MB page size, pre-allocated 0 pages
[    4.036716] zbud: loaded
[    4.041613] VFS: Disk quotas dquot_6.6.0
[    4.046925] VFS: Dquot-cache hash table entries: 512 (order 0, 4096 bytes)
[    4.056461] squashfs: version 4.0 (2009/01/31) Phillip Lougher
[    4.065723] fuse init (API version 7.23)
[    4.072294] Key type big_key registered
[    4.077631] Allocating IMA MOK and blacklist keyrings.
[    4.100497] Key type asymmetric registered
[    4.106166] Asymmetric key parser 'x509' registered
[    4.112976] Block layer SCSI generic (bsg) driver version 0.4 loaded (major 249)
[    4.123115] io scheduler noop registered
[    4.129268] io scheduler deadline registered (default)
[    4.136010] io scheduler cfq registered
[    4.141523] pci_hotplug: PCI Hot Plug PCI Core version: 0.5
[    4.149191] pciehp: PCI Express Hot Plug Controller Driver version: 0.4
[    4.158676] ACPI: AC Adapter [AC] (on-line)
[    4.164193] input: Power Button as /devices/LNXSYSTM:00/LNXPWRBN:00/input/input0
[    4.173528] ACPI: Power Button [PWRF]
[    4.179083] input: Sleep Button as /devices/LNXSYSTM:00/LNXSLPBN:00/input/input1
[    4.188575] ACPI: Sleep Button [SLPF]
[    4.194374] GHES: HEST is not enabled!
[    4.197424] ACPI: Battery Slot [BAT0] (battery present)
[    4.206952] Serial: 8250/16550 driver, 32 ports, IRQ sharing enabled
[    4.244067] 00:02: ttyS0 at I/O 0x3f8 (irq = 4, base_baud = 115200) is a 16550A
[    4.279965] Linux agpgart interface v0.103
[    4.305185] loop: module loaded
[    4.314454] scsi host0: ata_piix
[    4.320828] scsi host1: ata_piix
[    4.325415] ata1: PATA max UDMA/33 cmd 0x1f0 ctl 0x3f6 bmdma 0xd000 irq 14
[    4.333855] ata2: PATA max UDMA/33 cmd 0x170 ctl 0x376 bmdma 0xd008 irq 15
[    4.342878] libphy: Fixed MDIO Bus: probed
[    4.349141] tun: Universal TUN/TAP device driver, 1.6
[    4.355721] tun: (C) 1999-2004 Max Krasnyansky <maxk@qualcomm.com>
[    4.364561] PPP generic driver version 2.4.2
[    4.370734] ehci_hcd: USB 2.0 'Enhanced' Host Controller (EHCI) Driver
[    4.378861] ehci-pci: EHCI PCI platform driver
[    4.384959] ehci-platform: EHCI generic platform driver
[    4.391553] ohci_hcd: USB 1.1 'Open' Host Controller (OHCI) Driver
[    4.399232] ohci-pci: OHCI PCI platform driver
[    4.405057] ohci-platform: OHCI generic platform driver
[    4.412232] uhci_hcd: USB Universal Host Controller Interface driver
[    4.420537] i8042: PNP: PS/2 Controller [PNP0303:PS2K,PNP0f03:PS2M] at 0x60,0x64 irq 1,12
[    4.435787] serio: i8042 KBD port at 0x60,0x64 irq 1
[    4.442440] serio: i8042 AUX port at 0x60,0x64 irq 12
[    4.450495] mousedev: PS/2 mouse device common for all mice
[    4.461820] rtc_cmos rtc_cmos: rtc core: registered rtc_cmos as rtc0
[    4.470859] rtc_cmos rtc_cmos: alarms up to one day, 114 bytes nvram
[    4.479109] i2c /dev entries driver
[    4.483982] device-mapper: uevent: version 1.0.3
[    4.490720] device-mapper: ioctl: 4.34.0-ioctl (2015-10-28) initialised: dm-devel@redhat.com
[    4.501801] ledtrig-cpu: registered to indicate activity on CPUs
[    4.513056] input: AT Translated Set 2 keyboard as /devices/platform/i8042/serio0/input/input2
[    4.550548] NET: Registered protocol family 10
[    4.587173] NET: Registered protocol family 17
[    4.593441] Key type dns_resolver registered
[    4.601766] registered taskstats version 1
[    4.607127] Loading compiled-in X.509 certificates
[    4.614384] Loaded X.509 cert 'Build time autogenerated kernel key: cf00e047681d67edb2720680708b7d9498083038'
[    4.626612] zswap: loaded using pool lzo/zbud
[    4.638227] Key type trusted registered
[    4.653367] Key type encrypted registered
[    4.658888] AppArmor: AppArmor sha1 policy hashing enabled
[    4.665950] ima: No TPM chip found, activating TPM-bypass!
[    4.673370] ima: Allocated hash algorithm: sha1
[    4.679496] evm: HMAC attrs: 0x1
[    4.687553]   Magic number: 6:636:395
[    4.693580] pci 0000:00:07.0: hash matches
[    4.701015] rtc_cmos rtc_cmos: setting system clock to 2022-05-24 19:21:34 UTC (1653420094)
[    4.714175] BIOS EDD facility v0.16 2004-Jun-25, 0 devices found
[    4.723185] EDD information not available.
[    4.733857] Freeing unused kernel memory: 1492K
[    4.761637] Write protecting the kernel read-only data: 14336k
[    4.771912] Freeing unused kernel memory: 1584K
[    4.779385] Freeing unused kernel memory: 52K
Loading, please wait...
starting version[    4.822933] random: systemd-udevd: uninitialized urandom read (16 bytes read, 5 bits of entropy available)
 229
[    4.832701] random: udevadm: uninitialized urandom read (16 bytes read, 5 bits of entropy available)
[    4.832721] random: udevadm: uninitialized urandom read (16 bytes read, 5 bits of entropy available)
[    4.849431] random: udevadm: uninitialized urandom read (16 bytes read, 5 bits of entropy available)
[    4.849479] random: udevadm: uninitialized urandom read (16 bytes read, 5 bits of entropy available)
[    4.849717] random: udevadm: uninitialized urandom read (16 bytes read, 5 bits of entropy available)
[    4.849779] random: udevadm: uninitialized urandom read (16 bytes read, 5 bits of entropy available)
[    4.849928] random: udevadm: uninitialized urandom read (16 bytes read, 5 bits of entropy available)
[    4.850038] random: udevadm: uninitialized urandom read (16 bytes read, 5 bits of entropy available)
[    4.850099] random: udevadm: uninitialized urandom read (16 bytes read, 5 bits of entropy available)
[    6.805927] Fusion MPT base driver 3.04.20
[    6.816395] Copyright (c) 1999-2008 LSI Corporation
[    6.844264] e1000: Intel(R) PRO/1000 Network Driver - version 7.3.21-k8-NAPI
[    6.858661] e1000: Copyright (c) 1999-2006 Intel Corporation.
[    6.882549] Fusion MPT SPI Host driver 3.04.20
[    7.157152] input: ImExPS/2 Generic Explorer Mouse as /devices/platform/i8042/serio1/input/input4
[    7.730770] e1000 0000:00:03.0 eth0: (PCI:33MHz:32-bit) 02:be:82:6b:cc:1d
[    7.740081] e1000 0000:00:03.0 eth0: Intel(R) PRO/1000 Network Connection
[    7.752374] mptbase: ioc0: Initiating bringup
[    7.827245] ioc0: LSI53C1030 A0: Capabilities={Initiator}
[    8.018814] scsi host2: ioc0: LSI53C1030 A0, FwRev=00000000h, Ports=1, MaxQ=256, IRQ=20
[    8.151241] scsi 2:0:0:0: Direct-Access     VBOX     HARDDISK         1.0  PQ: 0 ANSI: 5
[    8.162496] scsi target2:0:0: Beginning Domain Validation
[    8.180337] scsi target2:0:0: Domain Validation skipping write tests
[    8.189732] scsi target2:0:0: Ending Domain Validation
[    8.197179] scsi target2:0:0: asynchronous
[    8.208885] scsi 2:0:1:0: Direct-Access     VBOX     HARDDISK         1.0  PQ: 0 ANSI: 5
[    8.221209] scsi target2:0:1: Beginning Domain Validation
[    8.239391] scsi target2:0:1: Domain Validation skipping write tests
[    8.250536] scsi target2:0:1: Ending Domain Validation
[    8.258590] scsi target2:0:1: asynchronous
[    8.285337] sd 2:0:0:0: Attached scsi generic sg0 type 0
[    8.304437] sd 2:0:1:0: Attached scsi generic sg1 type 0
[    8.306202] sd 2:0:0:0: [sda] 83886080 512-byte logical blocks: (42.9 GB/40.0 GiB)
[    8.307128] sd 2:0:0:0: [sda] Write Protect is off
[    8.308256] sd 2:0:0:0: [sda] Incomplete mode parameter data
[    8.308258] sd 2:0:0:0: [sda] Assuming drive cache: write through
[    8.308656] sd 2:0:1:0: [sdb] 20480 512-byte logical blocks: (10.5 MB/10.0 MiB)
[    8.310638] sd 2:0:1:0: [sdb] Write Protect is off
[    8.311288] sd 2:0:1:0: [sdb] Incomplete mode parameter data
[    8.311289] sd 2:0:1:0: [sdb] Assuming drive cache: write through
[    8.418858]  sda: sda1
[    8.430481] sd 2:0:0:0: [sda] Attached SCSI disk
[    8.438191] sd 2:0:1:0: [sdb] Attached SCSI disk
[    9.041493] e1000 0000:00:08.0 eth1: (PCI:33MHz:32-bit) 08:00:27:9e:1b:b1
[    9.051083] e1000 0000:00:08.0 eth1: Intel(R) PRO/1000 Network Connection
[    9.063391] e1000 0000:00:03.0 enp0s3: renamed from eth0
[    9.080548] e1000 0000:00:08.0 enp0s8: renamed from eth1
Begin: Loading essential drivers ... [   11.032888] md: linear personality registered for level -1
[   11.048877] md: multipath personality registered for level -4
[   11.065547] md: raid0 personality registered for level 0
[   11.094402] md: raid1 personality registered for level 1
[   11.783046] raid6: sse2x1   gen() 74454 MB/s
[   13.784884] raid6: sse2x1   xor() 93483 MB/s
[   16.783650] raid6: sse2x2   gen() 152660 MB/s
[   19.779454] raid6: sse2x2   xor() 101209 MB/s
[   22.782407] raid6: sse2x4   gen() 143972 MB/s
[   25.783663] raid6: sse2x4   xor() 103419 MB/s
[   25.792958] raid6: using algorithm sse2x2 gen() 152660 MB/s
[   25.801381] raid6: .... xor() 101209 MB/s, rmw enabled
[   25.810419] raid6: using ssse3x2 recovery algorithm
[   25.825842] xor: measuring software checksum speed
[   30.817255]    prefetch64-sse: -963746.-296 MB/sec
[   30.924563]    generic_sse: 32518.000 MB/sec
[   30.932635] xor: using function: generic_sse (32518.000 MB/sec)
[   30.948416] async_tx: api initialized (async)
[   31.024998] md: raid6 personality registered for level 6
[   31.032186] md: raid5 personality registered for level 5
[   31.040054] md: raid4 personality registered for level 4
[   31.079505] md: raid10 personality registered for level 10
done.
Begin: Running /scripts/init-premount ... done.
Begin: Mounting root file system ... Begin: Running /scripts/local-top ... done.
Begin: Running /scripts/local-premount ... [   31.216936] Btrfs loaded
Scanning for Btrfs filesystems
done.
Warning: fsck not present, so skipping root file system
[   31.321318] EXT4-fs (sda1): mounted filesystem with ordered data mode. Opts: (null)
done.
Begin: Running /scripts/local-bottom ... done.
Begin: Running /scripts/init-bottom ... done.
[   31.641612] systemd[1]: systemd 229 running in system mode. (+PAM +AUDIT +SELINUX +IMA +APPARMOR +SMACK +SYSVINIT +UTMP +LIBCRYPTSETUP +GCRYPT +GNUTLS +ACL +XZ -LZ4 +SECCOMP +BLKID +ELFUTILS +KMOD -IDN)
[   31.664740] systemd[1]: Detected virtualization oracle.
[   31.672238] systemd[1]: Detected architecture x86-64.

Welcome to [1mUbuntu 16.04.7 LTS[0m!

[   31.692236] systemd[1]: Set hostname to <ubuntu>.
[   31.711124] systemd[1]: Initializing machine ID from random generator.
[   31.720461] systemd[1]: Installed transient /etc/machine-id file.
[   32.057736] systemd[1]: Reached target Encrypted Volumes.
[[0;32m  OK  [0m] Reached target Encrypted Volumes.
[   32.070773] systemd[1]: Listening on fsck to fsckd communication Socket.
[[0;32m  OK  [0m] Listening on fsck to fsckd communication Socket.
[   32.086123] systemd[1]: Created slice User and Session Slice.
[[0;32m  OK  [0m] Created slice User and Session Slice.
[   32.098975] systemd[1]: Reached target User and Group Name Lookups.
[[0;32m  OK  [0m] Reached target User and Group Name Lookups.
[   32.113277] systemd[1]: Listening on udev Kernel Socket.
[[0;32m  OK  [0m] Listening on udev Kernel Socket.
[   32.127296] systemd[1]: Reached target System Time Synchronized.
[[0;32m  OK  [0m] Reached target System Time Synchronized.
[   32.141446] systemd[1]: Listening on LVM2 poll daemon socket.
[[0;32m  OK  [0m] Listening on LVM2 poll daemon socket.
[   32.155730] systemd[1]: Listening on Device-mapper event daemon FIFOs.
[[0;32m  OK  [0m] Listening on Device-mapper event daemon FIFOs.
[   32.171063] systemd[1]: Listening on Journal Socket.
[[0;32m  OK  [0m] Listening on Journal Socket.
[   32.183641] systemd[1]: Started Forward Password Requests to Wall Directory Watch.
[[0;32m  OK  [0m] Started Forward Password Requests to Wall Directory Watch.
[   32.201158] systemd[1]: Set up automount Arbitrary Executable File Formats File System Automount Point.
[[0;32m  OK  [0m] Set up automount Arbitrary Executab...ats File System Automount Point.
[   32.220263] systemd[1]: Started Trigger resolvconf update for networkd DNS.
[[0;32m  OK  [0m] Started Trigger resolvconf update for networkd DNS.
[   32.235789] systemd[1]: Created slice System Slice.
[[0;32m  OK  [0m] Created slice System Slice.
[   32.246879] systemd[1]: Reached target Slices.
[[0;32m  OK  [0m] Reached target Slices.
[   32.268930] systemd[1]: Starting File System Check on Root Device...
         Starting File System Ch[   32.282175] systemd[1]: Mounting Debug File System...
eck on Root Device...
         Mounting Debug File System...
[   32.306026] systemd[1]: Mounting Huge Pages File System...
         Mounting Huge Pages File System...
[   32.322378] systemd[1]: Starting Create list of required static device nodes for the current kernel...
         Starting Create list of required st... nodes for the current kernel...
[   32.344912] systemd[1]: Starting Uncomplicated firewall...
         Starting Uncomplicated firewall...
[   32.362815] systemd[1]: Starting Load Kernel Modules...
         Starting Load Kernel Modules...
[   32.377120] systemd[1]: Created slice system-serial\x2dgetty.slice.
[[0;32m  OK  [0m] Created slice system-serial\x2dgetty.slice.
[   32.403423] Loading iSCSI transport class v2.0-870.
[   32.412180] systemd[1]: Starting Set console keymap...
         Starting Set console keymap...
[   32.428365] systemd[1]: Mounting POSIX Message Queue File System...
         Mounting POSIX Message Queue File System...
[   32.454459] systemd[1]: Starting Nameserver information manager...
[   32.464314] iscsi: registered transport (tcp)
         Starting Nameserver information manager...
[   32.477484] systemd[1]: Listening on /dev/initctl Compatibility Named Pipe.
[[0;32m  OK  [0m] Listening on /dev/initctl Compatibility Named Pipe.
[   32.502140] systemd[1]: Listening on udev Control Socket.
[[0;32m  OK  [0m] Listening on udev Control Socket.
[   32.525228] systemd[1]: Reached target Swap.
[[0;32m  OK  [0m] Reached target Swap.
[   32.563672] systemd[1]: Listening on Journal Audit Socket.
[   32.578052] random: nonblocking pool is initialized
[[0;32m  OK  [0m] Listening on Journal Audit Socket.
[   32.606758] systemd[1]: Listening on LVM2 metadata daemon socket.
[[0;32m  OK  [0m] Listening on LVM2 metadata daemon socket.
[   32.652246] systemd[1]: Starting Monitoring of LVM2 mirrors, snapshots etc. using dmeventd or progress polling...
         Starting Monitoring of LVM2 mirrors... dmeventd or progress polling...
[   32.679130] systemd[1]: Listening on Journal Socket (/dev/log).
[[0;32m  OK  [0m] Listening on Journal Socket (/dev/log).
[   32.697358] systemd[1]: Listening on Syslog Socket.
[[0;32m  OK  [0m] Listening on Syslog Socket.
[   32.713596] systemd[1]: Starting Journal Service...
         Starting Journal Service...
[   32.743234] systemd[1]: Mounted Huge Pages File System.
[[0;32m  OK  [0m] Mounted Huge Pages File System.
[   32.766058] systemd[1]: Mounted POSIX Message Queue File System.
[   32.768211] iscsi: registered transport (iser)
[[0;32m  OK  [0m] Mounted POSIX Message Queue File System.
[   32.795563] systemd[1]: Mounted Debug File System.
[[0;32m  OK  [0m] Mounted Debug File System.
[   32.812483] systemd[1]: Started File System Check on Root Device.
[[0;32m  OK  [0m] Started File System Check on Root Device.
[   32.833221] systemd[1]: Started Create list of required static device nodes for the current kernel.
[[0;32m  OK  [0m] Started Create list of required sta...ce nodes for the current kernel.
[   32.861559] systemd[1]: Started Uncomplicated firewall.
[[0;32m  OK  [0m] Started Uncomplicated firewall.
[   32.885925] systemd[1]: Started Load Kernel Modules.
[[0;32m  OK  [0m] Started Load Kernel Modules.
[   32.903421] systemd[1]: Started Set console keymap.
[[0;32m  OK  [0m] Started Set console keymap.
[   32.936486] systemd[1]: Started Journal Service.
[[0;32m  OK  [0m] Started Journal Service.
[[0;32m  OK  [0m] Started Nameserver information manager.
[[0;32m  OK  [0m] Started LVM2 metadata daemon.
[[0;32m  OK  [0m] Started File System Check Daemon to report status.
         Starting Apply Kernel Variables...
         Mounting FUSE Control File System...
         Starting Create Static Device Nodes in /dev...
         Starting Remount Root and Kernel File Systems...
[[0;32m  OK  [0m] Mounted FUSE Control File System.
[[0;32m  OK  [0m] Started Apply Kernel Variables.
[[0;32m  OK  [0m] Started Remount Root and Kernel File Systems.
         Starting udev Coldplug all Devices...
         Starting Flush Journal to Persistent Storage...
         Starting Load/Save Random Seed...
[[0;32m  OK  [0m] Started Create Static Device Nodes in /dev.
[[0;32m  OK  [0m] Started Load/Save Random Seed.
         Starting udev Kernel Device Manager...
[[0;32m  OK  [0m] Started udev Coldplug all Devices.
[[0;32m  OK  [0m] Started Flush Journal to Persistent Storage.
[[0;32m  OK  [0m] Started Monitoring of LVM2 mirrors,...ng dmeventd or progress polling.
[[0;32m  OK  [0m] Reached target Local File Systems (Pre).
[[0;32m  OK  [0m] Reached target Local File Systems.
         Starting Initial cloud-init job (pre-networking)...
         Starting Tell Plymouth To Write Out Runtime Data...
         Starting Commit a transient machine-id on disk...
         Starting LSB: AppArmor initialization...
         Starting Set console font and keymap...
         Starting Create Volatile Files and Directories...
[[0;32m  OK  [0m] Started udev Kernel Device Manager.
[[0;32m  OK  [0m] Started Tell Plymouth To Write Out Runtime Data.
[[0;32m  OK  [0m] Started Commit a transient machine-id on disk.
[[0;32m  OK  [0m] Started Create Volatile Files and Directories.
[[0;32m  OK  [0m] Found device /dev/ttyS0.
[[0;32m  OK  [0m] Listening on Load/Save RF Kill Switch Status /dev/rfkill Watch.
         Starting Update UTMP about System Boot/Shutdown...
[[0;32m  OK  [0m] Started Dispatch Password Requests to Console Directory Watch.
[[0;32m  OK  [0m] Started Update UTMP about System Boot/Shutdown.
[[0;32m  OK  [0m] Started LSB: AppArmor initialization.
         Starting Load AppArmor profiles managed internally by snapd...
[[0;32m  OK  [0m] Started Load AppArmor profiles managed internally by snapd.
[   35.551075] cloud-init[464]: Cloud-init v. 21.1-19-gbad84ad4-0ubuntu1~16.04.2 running 'init-local' at Tue, 24 May 2022 19:22:07 +0000. Up 34.87 seconds.
[[0;32m  OK  [0m] Started Initial cloud-init job (pre-networking).
[[0;32m  OK  [0m] Reached target Network (Pre).
         Starting Raise network interfaces...
[[0;32m  OK  [0m] Started Set console font and keymap.
[[0;32m  OK  [0m] Created slice system-getty.slice.
[[0;32m  OK  [0m] Started Raise network interfaces.
[[0;32m  OK  [0m] Reached target Network.
         Starting Initial cloud-init job (metadata service crawler)...
[   37.903269] cloud-init[945]: Cloud-init v. 21.1-19-gbad84ad4-0ubuntu1~16.04.2 running 'init' at Tue, 24 May 2022 19:22:09 +0000. Up 37.08 seconds.
[[0;32m  OK  [0m] Started Initial cloud-init job (metadata service crawler).
[   37.971239] cloud-init[945]: ci-info: ++++++++++++++++++++++++++++++++++++++Net device info+++++++++++++++++++++++++++++++++++++++
[   37.989255] [cloud-init[0;32m  OK  [0m[945]: ] ci-info: +--------+-------+----------------------------+---------------+--------+-------------------+Reached target System Initialization.

[   37.990762] [cloud-init[0;32m  OK  [0m[945]: ] ci-info: | Device |   Up  |          Address           |      Mask     | Scope  |     Hw-Address    |Started Daily Cleanup of Temporary Directories.

[   38.003210]          cloud-initStarting Socket activation for snappy daemon.[945]: 
ci-info: +--------+-------+----------------------------+---------------+--------+-------------------+
[   38.024502] [cloud-init[0;32m  OK  [0m[945]: ] ci-info: | enp0s3 |  True |         10.0.2.15          | 255.255.255.0 | global | 02:be:82:6b:cc:1d |Started ACPI Events Check.

[   38.026495] [cloud-init[0;32m  OK  [0m[945]: ] ci-info: | enp0s3 |  True | fe80::be:82ff:fe6b:cc1d/64 |       .       |  link  | 02:be:82:6b:cc:1d |Reached target Paths.

[   38.045898] [cloud-init[0;32m  OK  [0m[945]: ] ci-info: | enp0s8 | False |             .              |       .       |   .    | 08:00:27:9e:1b:b1 |Started Message of the Day.

[   38.047485] [cloud-init[0;32m  OK  [0m[945]: ] ci-info: |   lo   |  True |         127.0.0.1          |   255.0.0.0   |  host  |         .         |Listening on ACPID Listen Socket.

[   38.067290] [cloud-init[0;32m  OK  [0m[945]: ] ci-info: |   lo   |  True |          ::1/128           |       .       |  host  |         .         |Listening on UUID daemon activation socket.

[   38.078252]          cloud-initStarting LXD - unix socket.[945]: 
ci-info: +--------+-------+----------------------------+---------------+--------+-------------------+
[[0;32m  OK  [0m] Listening on D-Bus System Message Bus Socket.
[   38.088153] cloud-init[945]: ci-info: +++++++++++++++++++++++++++Route IPv4 info++++++++++++++++++++++++++++
[[0;32m  OK  [0m] Started Ubuntu Advantage update messaging.
[   38.096327] cloud-init[945]: ci-info: +-------+-------------+----------+---------------+-----------+-------+
[   38.113958] [cloud-init[0;32m  OK  [0m[945]: ] ci-info: | Route | Destination | Gateway  |    Genmask    | Interface | Flags |Started Daily apt download activities.

[   38.115438] [cloud-init[0;32m  OK  [0m[945]: ] ci-info: +-------+-------------+----------+---------------+-----------+-------+Started Daily apt upgrade and clean activities.

[   38.126692] [cloud-init[0;32m  OK  [0m[945]: ] ci-info: |   0   |   0.0.0.0   | 10.0.2.2 |    0.0.0.0    |   enp0s3  |   UG  |Reached target Timers.

[   38.145159] [cloud-init[0;32m  OK  [0m[945]: ] ci-info: |   1   |   10.0.2.0  | 0.0.0.0  | 255.255.255.0 |   enp0s3  |   U   |Reached target Cloud-config availability.

[[0;32m  OK  [0m] Reached target Network is Online.
[   38.146605] cloud-init[945]: ci-info: +-------+-------------+----------+---------------+-----------+-------+
[   38.168065] cloud-init[945]: ci-info: +++++++++++++++++++Route IPv6 info+++++++++++++++++++
         Starting iSCSI initiator daemon (iscsid)...
[[0;32m  OK  [0m] Listening on Socket activation for snappy daemon.
[[0;32m  OK  [0m] Listening on LXD - unix socket.
[[0;32m  OK  [0m] Reached target Sockets.
[[0;32m  OK  [0m] Reached target Basic System.
[[0;32m  OK  [0m] Started FUSE filesystem for LXC.
         Starting LXD - container startup/shutdown...
         Starting /etc/rc.local Compatibility...
         Starting LSB: Record successful boot for GRUB...
[[0;32m  OK  [0m] Started D-Bus System Message Bus.
[   38.175281] cloud-init[945]: ci-info: +-------+-------------+---------+-----------+-------+
[   38.215072] cloud-init[945]: ci-info: | Route | Destination | Gateway | Interface | Flags |
[   38.231263] cloud-init[945]: ci-info: +-------+-------------+---------+-----------+-------+
[   38.239790] cloud-init[945]: ci-info: |   0   |  fe80::/64  |    ::   |   enp0s3  |   U   |
[   38.249751] cloud-init[945]: ci-info: |   3   |   ff00::/8  |    ::   |   enp0s3  |   U   |
[   38.257843] cloud-init[945]: ci-info: +-------+-------------+---------+-----------+-------+
[   38.268250] cloud-init[945]: Generating public/private rsa key pair.
[   38.274629] cloud-init[945]: Your identification has been saved in /etc/ssh/ssh_host_rsa_key.
[   38.282530] cloud-init[945]: Your public key has been saved in /etc/ssh/ssh_host_rsa_key.pub.
[   38.290078] cloud-init[945]: The key fingerprint is:
[   38.296552] cloud-init[945]: SHA256:BdTe98HNAVcI9rg+fihmqz37Wdp30MW14qH+DCaXp9w root@ubuntu-xenial
[   38.306525] cloud-init[945]: The key's randomart image is:
[   38.314696] cloud-init[945]: +---[RSA 2048]----+
[   38.324215] cloud-init[945]: |       .o.  oo.oo|
[   38.334962] cloud-init[945]: |         ... oo..|
[   38.341436] cloud-init[945]: |         .... oo=|
[   38.347222] cloud-init[945]: |         .. .+.+=|
[   38.353519] cloud-init[945]: |        S   +.ooo|
[   38.360642] cloud-init[945]: |           o... o|
[   38.366233] cloud-init[945]: |         ..=oo.. |
[   38.374304] cloud-init[945]: |         .XoB*. o|
[   38.381363] cloud-init[945]: |        .++O*E...|
         Starting System Logging Service...
[[0;32m  OK  [0m] Started ACPI event daemon.
[   38.387303] cloud-init[945]: +----[SHA256]-----+
[   38.404907]          cloud-initStarting Pollinate to seed the pseudo random number generator...[945]: 
Generating public/private dsa key pair.
[[0;32m  OK  [0m] Started Regular background program processing daemon.
         Starting Accounts Service...
[   38.427965] cloud-init[945]: Your identification has been saved in /etc/ssh/ssh_host_dsa_key.
[   38.454447]          cloud-initStarting Login Service...[945]: 
Your public key has been saved in /etc/ssh/ssh_host_dsa_key.pub.
[[0;32m  OK  [0m] Started Deferred execution scheduler.
[   38.484565] cloud-init[945]: The key fingerprint is:
[   38.543939] cloud-init[945]: SHA256:Eluu2xNyluwfPeZChhSZ03xAh7EtsFsRiBWWceCJ454 root@ubuntu-xenial
         Starting Virtualbox guest utils...
[   38.569411] cloud-init[945]: The key's randomart image is:
         Starting LSB: MD monitoring daemon...
[   38.592294] cloud-init[945]: +---[DSA 1024]----+
[   38.612704] cloud-init[945]: |       oB%B=.    |
         Starting Snap Daemon...
[[0;32m  OK  [0m] Started System Logging Service.
[   38.630610] cloud-init[945]: |      .+B=+=.    |
[   38.666341] cloud-init[945]: |      + =o+..    |
[[0;32m  OK  [0m] Started /etc/rc.local Compatibility.
[   38.707419] cloud-init[945]: |     . *.o .     |
[   38.716023] cloud-init[945]: |      +oSo       |
[   38.750469] [cloud-init[0;32m  OK  [0m[945]: ] |     ..+B o.     |Started Login Service.

[   38.752987] cloud-init[945]: |      E= +. +    |
[[0;32m  OK  [0m] Started Unattended Upgrades Shutdown.
[   38.778510] cloud-init[945]: |       oo .+ .   |
[[0;32m  OK  [0m] Started iSCSI initiator daemon (iscsid).
[[0;32m  OK  [0m] Started LXD - container startup/shutdown.
[[0;32m  OK  [0m] Started LSB: MD monitoring daemon.
[   38.861542] cloud-init[945]: |      . .o...    |
         Starting Authenticate and Authorize Users to Run Privileged Tasks...
         Starting Login to default iSCSI targets...
[[0;32m  OK  [0m] Started LSB: Record successful boot for GRUB.
[   38.891970] cloud-init[945]: +----[SHA256]-----+
[   38.909670] cloud-init[945]: Generating public/private ecdsa key pair.
[   38.922269] cloud-init[945]: Your identification has been saved in /etc/ssh/ssh_host_ecdsa_key.
[   38.934595] cloud-init[945]: Your public key has been saved in /etc/ssh/ssh_host_ecdsa_key.pub.
[   38.958066] cloud-init[945]: The key fingerprint is:
[   38.997214] cloud-init[945]: SHA256:KNZm9piCrx+WgLKRbE4nsbtdlh9pvT9Lc1DT7DNckTg root@ubuntu-xenial
[[0;32m  OK  [0m] Started Login to default iSCSI targets.
[[0;32m  OK  [0m] Started Authenticate and Authorize Users to Run Privileged Tasks.
[[0;32m  OK  [0m] Started Accounts Service.
[[0;32m  OK  [0m] Reached target Remote File Systems (Pre).
[[0;32m  OK  [0m] Reached target Remote File Systems.
[   39.020027] cloud-init[945]: The key's randomart image is:
[   39.207733] cloud-init[945]: +---[ECDSA 256]---+
[   39.210071] cloud-init[945]: |              ...|
[   39.210977] cloud-init[945]: |             Eo..|
[   39.211593] cloud-init[945]: | .           o.o.|
[   39.212156] cloud-init[945]: |.oo  . .    . + .|
[   39.212718] cloud-init[945]: |=*..o * S  .   = |
[   39.213250] cloud-init[945]: |=o++ *.+o   .   o|
[   39.213806] cloud-init[945]: |.o. =+o+.. o .   |
[   39.214342] cloud-init[945]: |  ooooo . o.o    |
[   39.214988] cloud-init[945]: | ..+o  . ..oo    |
[   39.215572] cloud-init[945]: +----[SHA256]-----+
[   39.216180] cloud-init[945]: Generating public/private ed25519 key pair.
[   39.216748] cloud-init[945]: Your identification has been saved in /etc/ssh/ssh_host_ed25519_key.
[   39.217453] cloud-init[945]: Your public key has been saved in /etc/ssh/ssh_host_ed25519_key.pub.
[   39.217987] cloud-init[945]: The key fingerprint is:
[   39.218657] cloud-init[945]: SHA256:O1NuBFGU+JWwU80V+7dy/KxzkS1qJCqZUiO+e6AW4Hg root@ubuntu-xenial
[   39.219180] cloud-init[945]: The key's randomart image is:
[   39.219742] cloud-init[945]: +--[ED25519 256]--+
[   39.220345] cloud-init[945]: |        .++o.+ oo|
[   39.220908] cloud-init[945]: |        ...oo o .|
[   39.222307] cloud-init[945]: |        ..o.   . |
[   39.222775] cloud-init[945]: |.        ...    .|
[   39.223701] cloud-init[945]: |o.      S o     =|
[   39.224455] cloud-init[945]: |..E o o  =. . oo+|
[   39.225286] cloud-init[945]: | . + + ++.oo o =.|
[   39.226147] cloud-init[945]: |  o o = .+  o +.o|
[   39.226918] cloud-init[945]: | .  o= .   .  .+o|
[   39.227719] cloud-init[945]: +----[SHA256]-----+
         Starting LSB: Set the CPU Frequency Scaling governor to "ondemand"...
         Starting Permit User Sessions...
         Starting LSB: automatic crash report generation...
         Starting LSB: daemon to balance interrupts for SMP systems...
[[0;32m  OK  [0m] Started Permit User Sessions.
         Starting Hold until boot process finishes up...
         Starting Terminate Plymouth Boot Screen...
[[0;32m  OK  [0m] Started Virtualbox guest utils.
[[0;32m  OK  [0m] Started Hold until boot process finishes up.
[[0;32m  OK  [0m] Started Terminate Plymouth Boot Screen.
[[0;32m  OK  [0m] Started Serial Getty on ttyS0.
[[0;32m  OK  [0m] Started Getty on tty1.
[[0;32m  OK  [0m] Reached target Login Prompts.
         Starting Set console scheme...
[[0;32m  OK  [0m] Started LSB: Set the CPU Frequency Scaling governor to "ondemand".
[[0;32m  OK  [0m] Started LSB: automatic crash report generation.
[[0;32m  OK  [0m] Started LSB: daemon to balance interrupts for SMP systems.
[[0;32m  OK  [0m] Started Set console scheme.
[[0;32m  OK  [0m] Started Snap Daemon.
         Starting Wait until snapd is fully seeded...
[[0;32m  OK  [0m] Started Pollinate to seed the pseudo random number generator.
         Starting OpenBSD Secure Shell server...
[[0;32m  OK  [0m] Started OpenBSD Secure Shell server.
[[0;32m  OK  [0m] Created slice User Slice of vagrant.
         Starting User Manager for UID 1000...
[[0;32m  OK  [0m] Started Session 1 of user vagrant.
[[0;32m  OK  [0m] Started User Manager for UID 1000.
[[0;32m  OK  [0m] Started Wait until snapd is fully seeded.
         Starting Apply the settings specified in cloud-config...
[[0;32m  OK  [0m] Reached target Multi-User System.
[[0;32m  OK  [0m] Reached target Graphical Interface.
         Starting Update UTMP about System Runlevel Changes...
[[0;32m  OK  [0m] Started Update UTMP about System Runlevel Changes.
[   42.453376] cloud-init[1360]: Generating locales (this might take a while)...
[   44.309311] cloud-init[1360]:   en_US.UTF-8... done
[   44.315932] cloud-init[1360]: Generation complete.
[   45.331252] cloud-init[1360]: Cloud-init v. 21.1-19-gbad84ad4-0ubuntu1~16.04.2 running 'modules:config' at Tue, 24 May 2022 19:22:14 +0000. Up 42.15 seconds.

Ubuntu 16.04.7 LTS ubuntu-xenial ttyS0

ubuntu-xenial login: ci-info: no authorized SSH keys fingerprints found for user ubuntu.
<14>May 24 19:22:18 ec2: 
<14>May 24 19:22:18 ec2: #############################################################
<14>May 24 19:22:18 ec2: -----BEGIN SSH HOST KEY FINGERPRINTS-----
<14>May 24 19:22:18 ec2: 1024 SHA256:Eluu2xNyluwfPeZChhSZ03xAh7EtsFsRiBWWceCJ454 root@ubuntu-xenial (DSA)
<14>May 24 19:22:18 ec2: 256 SHA256:KNZm9piCrx+WgLKRbE4nsbtdlh9pvT9Lc1DT7DNckTg root@ubuntu-xenial (ECDSA)
<14>May 24 19:22:18 ec2: 256 SHA256:O1NuBFGU+JWwU80V+7dy/KxzkS1qJCqZUiO+e6AW4Hg root@ubuntu-xenial (ED25519)
<14>May 24 19:22:18 ec2: 2048 SHA256:BdTe98HNAVcI9rg+fihmqz37Wdp30MW14qH+DCaXp9w root@ubuntu-xenial (RSA)
<14>May 24 19:22:18 ec2: -----END SSH HOST KEY FINGERPRINTS-----
<14>May 24 19:22:18 ec2: #############################################################
-----BEGIN SSH HOST KEY KEYS-----
ecdsa-sha2-nistp256 AAAAE2VjZHNhLXNoYTItbmlzdHAyNTYAAAAIbmlzdHAyNTYAAABBBIFsPLkJ7THW+qLb6AIMHuYkcaZNdG1lxa0IlWngr/DWjk7cNh0VtvA4lXhTIAfdZ5mEm241Qfg6g0fpkPfanuw= root@ubuntu-xenial
ssh-ed25519 AAAAC3NzaC1lZDI1NTE5AAAAIA2En4l3C7MTRsnS811dmAFfHIND1ZyXUhrldIlgyrl5 root@ubuntu-xenial
ssh-rsa AAAAB3NzaC1yc2EAAAADAQABAAABAQDKqhjVqQLDwCDAT+jiPwBfnqaoT5GF/s1L+RJE2tz35rckiBPfz9W5TsJJqUhvyKBM5H0lReGKqZa71I0N2S1zfdD5M9vFAWudP9hg0l/rd74eB7V/pvzW0lwBhuh7IzDLJg6RwPGdsAqTWnqxOY7cf8DbIA1yCkIyhPmtQqtsw4LNVg8T9Zscbrm2VGxbHNPQQsOr9yrzFh4Vb2+3OYw7DqTaViAPzfkU5EmF9Rvo47SqLSIyMr70KKDKEASFoBz8zkkl+hPId0j25MZb4FOdseWL6wtGWtOxWoSSvvW1o3/occxV929JIZMvwWm36I/IlGxZaCnKGfMJ0gTwK8MT root@ubuntu-xenial
-----END SSH HOST KEY KEYS-----
[   46.015965] cloud-init[1523]: Cloud-init v. 21.1-19-gbad84ad4-0ubuntu1~16.04.2 running 'modules:final' at Tue, 24 May 2022 19:22:18 +0000. Up 45.75 seconds.
[   46.016774] cloud-init[1523]: ci-info: no authorized SSH keys fingerprints found for user ubuntu.
[   46.017028] cloud-init[1523]: Cloud-init v. 21.1-19-gbad84ad4-0ubuntu1~16.04.2 finished at Tue, 24 May 2022 19:22:18 +0000. Datasource DataSourceNoCloud [seed=/dev/sdb][dsmode=net].  Up 45.95 seconds
